Set check conclusion	Run actions/checkout@v3	2022-12-23T10:09:31.6720956Z ##[group]Run actions/checkout@v3
Set check conclusion	Run actions/checkout@v3	2022-12-23T10:09:31.6721537Z with:
Set check conclusion	Run actions/checkout@v3	2022-12-23T10:09:31.6722023Z   repository: keycloak/keycloak
Set check conclusion	Run actions/checkout@v3	2022-12-23T10:09:31.6722654Z   token: ***
Set check conclusion	Run actions/checkout@v3	2022-12-23T10:09:31.6722971Z   ssh-strict: true
Set check conclusion	Run actions/checkout@v3	2022-12-23T10:09:31.6723469Z   persist-credentials: true
Set check conclusion	Run actions/checkout@v3	2022-12-23T10:09:31.6723864Z   clean: true
Set check conclusion	Run actions/checkout@v3	2022-12-23T10:09:31.6724328Z   fetch-depth: 1
Set check conclusion	Run actions/checkout@v3	2022-12-23T10:09:31.6724684Z   lfs: false
Set check conclusion	Run actions/checkout@v3	2022-12-23T10:09:31.6725083Z   submodules: false
Set check conclusion	Run actions/checkout@v3	2022-12-23T10:09:31.6725439Z   set-safe-directory: true
Set check conclusion	Run actions/checkout@v3	2022-12-23T10:09:31.6725824Z env:
Set check conclusion	Run actions/checkout@v3	2022-12-23T10:09:31.6726185Z   DEFAULT_JDK_VERSION: 11
Set check conclusion	Run actions/checkout@v3	2022-12-23T10:09:31.6726538Z   DEFAULT_JDK_DIST: temurin
Set check conclusion	Run actions/checkout@v3	2022-12-23T10:09:31.6726999Z   SUREFIRE_RERUN_FAILING_COUNT: 2
Set check conclusion	Run actions/checkout@v3	2022-12-23T10:09:31.6727561Z ##[endgroup]
Set check conclusion	Run actions/checkout@v3	2022-12-23T10:09:32.0731591Z Syncing repository: keycloak/keycloak
Set check conclusion	Run actions/checkout@v3	2022-12-23T10:09:32.0733928Z ##[group]Getting Git version info
Set check conclusion	Run actions/checkout@v3	2022-12-23T10:09:32.0734845Z Working directory is '/home/runner/work/keycloak/keycloak'
Set check conclusion	Run actions/checkout@v3	2022-12-23T10:09:32.0735569Z [command]/usr/bin/git version
Set check conclusion	Run actions/checkout@v3	2022-12-23T10:09:32.0920829Z git version 2.38.2
Set check conclusion	Run actions/checkout@v3	2022-12-23T10:09:32.0956874Z ##[endgroup]
Set check conclusion	Run actions/checkout@v3	2022-12-23T10:09:32.0982837Z Temporarily overriding HOME='/home/runner/work/_temp/6ff9505a-1b3f-40a8-b90f-be8460c97599' before making global git config changes
Set check conclusion	Run actions/checkout@v3	2022-12-23T10:09:32.0983512Z Adding repository directory to the temporary git global config as a safe directory
Set check conclusion	Run actions/checkout@v3	2022-12-23T10:09:32.0986931Z [command]/usr/bin/git config --global --add safe.directory /home/runner/work/keycloak/keycloak
Set check conclusion	Run actions/checkout@v3	2022-12-23T10:09:32.1046469Z Deleting the contents of '/home/runner/work/keycloak/keycloak'
Set check conclusion	Run actions/checkout@v3	2022-12-23T10:09:32.1054408Z ##[group]Initializing the repository
Set check conclusion	Run actions/checkout@v3	2022-12-23T10:09:32.1098981Z [command]/usr/bin/git init /home/runner/work/keycloak/keycloak
Set check conclusion	Run actions/checkout@v3	2022-12-23T10:09:32.1207581Z hint: Using 'master' as the name for the initial branch. This default branch name
Set check conclusion	Run actions/checkout@v3	2022-12-23T10:09:32.1210618Z hint: is subject to change. To configure the initial branch name to use in all
Set check conclusion	Run actions/checkout@v3	2022-12-23T10:09:32.1212063Z hint: of your new repositories, which will suppress this warning, call:
Set check conclusion	Run actions/checkout@v3	2022-12-23T10:09:32.1213054Z hint: 
Set check conclusion	Run actions/checkout@v3	2022-12-23T10:09:32.1214813Z hint: 	git config --global init.defaultBranch <name>
Set check conclusion	Run actions/checkout@v3	2022-12-23T10:09:32.1216219Z hint: 
Set check conclusion	Run actions/checkout@v3	2022-12-23T10:09:32.1217007Z hint: Names commonly chosen instead of 'master' are 'main', 'trunk' and
Set check conclusion	Run actions/checkout@v3	2022-12-23T10:09:32.1217828Z hint: 'development'. The just-created branch can be renamed via this command:
Set check conclusion	Run actions/checkout@v3	2022-12-23T10:09:32.1218658Z hint: 
Set check conclusion	Run actions/checkout@v3	2022-12-23T10:09:32.1219734Z hint: 	git branch -m <name>
Set check conclusion	Run actions/checkout@v3	2022-12-23T10:09:32.1238986Z Initialized empty Git repository in /home/runner/work/keycloak/keycloak/.git/
Set check conclusion	Run actions/checkout@v3	2022-12-23T10:09:32.1256298Z [command]/usr/bin/git remote add origin https://github.com/keycloak/keycloak
Set check conclusion	Run actions/checkout@v3	2022-12-23T10:09:32.1312869Z ##[endgroup]
Set check conclusion	Run actions/checkout@v3	2022-12-23T10:09:32.1314379Z ##[group]Disabling automatic garbage collection
Set check conclusion	Run actions/checkout@v3	2022-12-23T10:09:32.1317854Z [command]/usr/bin/git config --local gc.auto 0
Set check conclusion	Run actions/checkout@v3	2022-12-23T10:09:32.1363734Z ##[endgroup]
Set check conclusion	Run actions/checkout@v3	2022-12-23T10:09:32.1364770Z ##[group]Setting up auth
Set check conclusion	Run actions/checkout@v3	2022-12-23T10:09:32.1374877Z [command]/usr/bin/git config --local --name-only --get-regexp core\.sshCommand
Set check conclusion	Run actions/checkout@v3	2022-12-23T10:09:32.1416389Z [command]/usr/bin/git submodule foreach --recursive sh -c "git config --local --name-only --get-regexp 'core\.sshCommand' && git config --local --unset-all 'core.sshCommand' || :"
Set check conclusion	Run actions/checkout@v3	2022-12-23T10:09:32.1906491Z [command]/usr/bin/git config --local --name-only --get-regexp http\.https\:\/\/github\.com\/\.extraheader
Set check conclusion	Run actions/checkout@v3	2022-12-23T10:09:32.1946666Z [command]/usr/bin/git submodule foreach --recursive sh -c "git config --local --name-only --get-regexp 'http\.https\:\/\/github\.com\/\.extraheader' && git config --local --unset-all 'http.https://github.com/.extraheader' || :"
Set check conclusion	Run actions/checkout@v3	2022-12-23T10:09:32.2232928Z [command]/usr/bin/git config --local http.https://github.com/.extraheader AUTHORIZATION: basic ***
Set check conclusion	Run actions/checkout@v3	2022-12-23T10:09:32.2277495Z ##[endgroup]
Set check conclusion	Run actions/checkout@v3	2022-12-23T10:09:32.2280816Z ##[group]Fetching the repository
Set check conclusion	Run actions/checkout@v3	2022-12-23T10:09:32.2290958Z [command]/usr/bin/git -c protocol.version=2 fetch --no-tags --prune --progress --no-recurse-submodules --depth=1 origin +5aae3842c40c8f5b8c6c80fa47e09c11f4a6d7e6:refs/remotes/origin/main
Set check conclusion	Run actions/checkout@v3	2022-12-23T10:09:32.3634192Z ##[error]fatal: unable to access 'https://github.com/keycloak/keycloak/': The requested URL returned error: 429
Set check conclusion	Run actions/checkout@v3	2022-12-23T10:09:32.3645374Z The process '/usr/bin/git' failed with exit code 128
Set check conclusion	Run actions/checkout@v3	2022-12-23T10:09:32.3645996Z Waiting 13 seconds before trying again
Set check conclusion	Run actions/checkout@v3	2022-12-23T10:09:45.3669986Z [command]/usr/bin/git -c protocol.version=2 fetch --no-tags --prune --progress --no-recurse-submodules --depth=1 origin +5aae3842c40c8f5b8c6c80fa47e09c11f4a6d7e6:refs/remotes/origin/main
Set check conclusion	Run actions/checkout@v3	2022-12-23T10:09:45.4800161Z ##[error]fatal: unable to access 'https://github.com/keycloak/keycloak/': The requested URL returned error: 429
Set check conclusion	Run actions/checkout@v3	2022-12-23T10:09:45.4811025Z The process '/usr/bin/git' failed with exit code 128
Set check conclusion	Run actions/checkout@v3	2022-12-23T10:09:45.4812092Z Waiting 14 seconds before trying again
Set check conclusion	Run actions/checkout@v3	2022-12-23T10:09:59.4863535Z [command]/usr/bin/git -c protocol.version=2 fetch --no-tags --prune --progress --no-recurse-submodules --depth=1 origin +5aae3842c40c8f5b8c6c80fa47e09c11f4a6d7e6:refs/remotes/origin/main
Set check conclusion	Run actions/checkout@v3	2022-12-23T10:09:59.6016144Z ##[error]fatal: unable to access 'https://github.com/keycloak/keycloak/': The requested URL returned error: 429
Set check conclusion	Run actions/checkout@v3	2022-12-23T10:09:59.6110714Z ##[error]The process '/usr/bin/git' failed with exit code 128
Status Check - Keycloak CI	Check status	2022-12-23T10:10:16.0333594Z Prepare all required actions
Status Check - Keycloak CI	Check status	2022-12-23T10:10:16.0374109Z ##[group]Run ./.github/actions/checks-job-pass
Status Check - Keycloak CI	Check status	2022-12-23T10:10:16.0374358Z with:
Status Check - Keycloak CI	Check status	2022-12-23T10:10:16.0374551Z   required: true
Status Check - Keycloak CI	Check status	2022-12-23T10:10:16.0374743Z env:
Status Check - Keycloak CI	Check status	2022-12-23T10:10:16.0374924Z   DEFAULT_JDK_VERSION: 11
Status Check - Keycloak CI	Check status	2022-12-23T10:10:16.0375154Z   DEFAULT_JDK_DIST: temurin
Status Check - Keycloak CI	Check status	2022-12-23T10:10:16.0375388Z   SUREFIRE_RERUN_FAILING_COUNT: 2
Status Check - Keycloak CI	Check status	2022-12-23T10:10:16.0375594Z ##[endgroup]
Status Check - Keycloak CI	Check status	2022-12-23T10:10:16.0662254Z ##[group]Run if [ "true" == "false" ]; then
Status Check - Keycloak CI	Check status	2022-12-23T10:10:16.0662601Z [36;1mif [ "true" == "false" ]; then[0m
Status Check - Keycloak CI	Check status	2022-12-23T10:10:16.0662867Z [36;1m  echo "Not required to run, skipping"[0m
Status Check - Keycloak CI	Check status	2022-12-23T10:10:16.0663103Z [36;1melse[0m
Status Check - Keycloak CI	Check status	2022-12-23T10:10:16.0663305Z [36;1m  if [ "" == "success" ]; then[0m
Status Check - Keycloak CI	Check status	2022-12-23T10:10:16.0663534Z [36;1m    echo "Success"[0m
Status Check - Keycloak CI	Check status	2022-12-23T10:10:16.0663744Z [36;1m  else[0m
Status Check - Keycloak CI	Check status	2022-12-23T10:10:16.0663973Z [36;1m    echo "Required to run, but didn't succeed"[0m
Status Check - Keycloak CI	Check status	2022-12-23T10:10:16.0664231Z [36;1m    exit 1[0m
Status Check - Keycloak CI	Check status	2022-12-23T10:10:16.0664482Z [36;1m  fi        [0m
Status Check - Keycloak CI	Check status	2022-12-23T10:10:16.0664659Z [36;1mfi[0m
Status Check - Keycloak CI	Check status	2022-12-23T10:10:16.0724968Z shell: /usr/bin/bash --noprofile --norc -e -o pipefail {0}
Status Check - Keycloak CI	Check status	2022-12-23T10:10:16.0725264Z env:
Status Check - Keycloak CI	Check status	2022-12-23T10:10:16.0725466Z   DEFAULT_JDK_VERSION: 11
Status Check - Keycloak CI	Check status	2022-12-23T10:10:16.0725679Z   DEFAULT_JDK_DIST: temurin
Status Check - Keycloak CI	Check status	2022-12-23T10:10:16.0725914Z   SUREFIRE_RERUN_FAILING_COUNT: 2
Status Check - Keycloak CI	Check status	2022-12-23T10:10:16.0726133Z ##[endgroup]
Status Check - Keycloak CI	Check status	2022-12-23T10:10:16.0884764Z Required to run, but didn't succeed
Status Check - Keycloak CI	Check status	2022-12-23T10:10:16.0904141Z ##[error]Process completed with exit code 1.
