Build	Run actions/checkout@v3	2022-12-29T18:02:33.0152311Z ##[group]Run actions/checkout@v3
Build	Run actions/checkout@v3	2022-12-29T18:02:33.0152916Z with:
Build	Run actions/checkout@v3	2022-12-29T18:02:33.0153266Z   repository: keycloak/keycloak
Build	Run actions/checkout@v3	2022-12-29T18:02:33.0154159Z   token: ***
Build	Run actions/checkout@v3	2022-12-29T18:02:33.0154522Z   ssh-strict: true
Build	Run actions/checkout@v3	2022-12-29T18:02:33.0155873Z   persist-credentials: true
Build	Run actions/checkout@v3	2022-12-29T18:02:33.0156326Z   clean: true
Build	Run actions/checkout@v3	2022-12-29T18:02:33.0156718Z   fetch-depth: 1
Build	Run actions/checkout@v3	2022-12-29T18:02:33.0157135Z   lfs: false
Build	Run actions/checkout@v3	2022-12-29T18:02:33.0157518Z   submodules: false
Build	Run actions/checkout@v3	2022-12-29T18:02:33.0157932Z   set-safe-directory: true
Build	Run actions/checkout@v3	2022-12-29T18:02:33.0158344Z env:
Build	Run actions/checkout@v3	2022-12-29T18:02:33.0158948Z   DEFAULT_JDK_VERSION: 11
Build	Run actions/checkout@v3	2022-12-29T18:02:33.0159594Z   DEFAULT_JDK_DIST: temurin
Build	Run actions/checkout@v3	2022-12-29T18:02:33.0160117Z   SUREFIRE_RERUN_FAILING_COUNT: 2
Build	Run actions/checkout@v3	2022-12-29T18:02:33.0160515Z ##[endgroup]
Build	Run actions/checkout@v3	2022-12-29T18:02:33.4266607Z Syncing repository: keycloak/keycloak
Build	Run actions/checkout@v3	2022-12-29T18:02:33.4269279Z ##[group]Getting Git version info
Build	Run actions/checkout@v3	2022-12-29T18:02:33.4270190Z Working directory is '/home/runner/work/keycloak/keycloak'
Build	Run actions/checkout@v3	2022-12-29T18:02:33.4270967Z [command]/usr/bin/git version
Build	Run actions/checkout@v3	2022-12-29T18:02:33.4392893Z git version 2.38.2
Build	Run actions/checkout@v3	2022-12-29T18:02:33.4420764Z ##[endgroup]
Build	Run actions/checkout@v3	2022-12-29T18:02:33.4450198Z Temporarily overriding HOME='/home/runner/work/_temp/0547ad9b-80f4-4ccd-8310-9c41b4c6ce15' before making global git config changes
Build	Run actions/checkout@v3	2022-12-29T18:02:33.4451077Z Adding repository directory to the temporary git global config as a safe directory
Build	Run actions/checkout@v3	2022-12-29T18:02:33.4451810Z [command]/usr/bin/git config --global --add safe.directory /home/runner/work/keycloak/keycloak
Build	Run actions/checkout@v3	2022-12-29T18:02:33.4512932Z Deleting the contents of '/home/runner/work/keycloak/keycloak'
Build	Run actions/checkout@v3	2022-12-29T18:02:33.4521643Z ##[group]Initializing the repository
Build	Run actions/checkout@v3	2022-12-29T18:02:33.4525398Z [command]/usr/bin/git init /home/runner/work/keycloak/keycloak
Build	Run actions/checkout@v3	2022-12-29T18:02:33.4639981Z hint: Using 'master' as the name for the initial branch. This default branch name
Build	Run actions/checkout@v3	2022-12-29T18:02:33.4641194Z hint: is subject to change. To configure the initial branch name to use in all
Build	Run actions/checkout@v3	2022-12-29T18:02:33.4642296Z hint: of your new repositories, which will suppress this warning, call:
Build	Run actions/checkout@v3	2022-12-29T18:02:33.4642797Z hint: 
Build	Run actions/checkout@v3	2022-12-29T18:02:33.4643507Z hint: 	git config --global init.defaultBranch <name>
Build	Run actions/checkout@v3	2022-12-29T18:02:33.4644226Z hint: 
Build	Run actions/checkout@v3	2022-12-29T18:02:33.4644679Z hint: Names commonly chosen instead of 'master' are 'main', 'trunk' and
Build	Run actions/checkout@v3	2022-12-29T18:02:33.4645299Z hint: 'development'. The just-created branch can be renamed via this command:
Build	Run actions/checkout@v3	2022-12-29T18:02:33.4645977Z hint: 
Build	Run actions/checkout@v3	2022-12-29T18:02:33.4646319Z hint: 	git branch -m <name>
Build	Run actions/checkout@v3	2022-12-29T18:02:33.4688836Z Initialized empty Git repository in /home/runner/work/keycloak/keycloak/.git/
Build	Run actions/checkout@v3	2022-12-29T18:02:33.4690033Z [command]/usr/bin/git remote add origin https://github.com/keycloak/keycloak
Build	Run actions/checkout@v3	2022-12-29T18:02:33.4751274Z ##[endgroup]
Build	Run actions/checkout@v3	2022-12-29T18:02:33.4752615Z ##[group]Disabling automatic garbage collection
Build	Run actions/checkout@v3	2022-12-29T18:02:33.4771651Z [command]/usr/bin/git config --local gc.auto 0
Build	Run actions/checkout@v3	2022-12-29T18:02:33.4814307Z ##[endgroup]
Build	Run actions/checkout@v3	2022-12-29T18:02:33.4815523Z ##[group]Setting up auth
Build	Run actions/checkout@v3	2022-12-29T18:02:33.4825616Z [command]/usr/bin/git config --local --name-only --get-regexp core\.sshCommand
Build	Run actions/checkout@v3	2022-12-29T18:02:33.4871729Z [command]/usr/bin/git submodule foreach --recursive sh -c "git config --local --name-only --get-regexp 'core\.sshCommand' && git config --local --unset-all 'core.sshCommand' || :"
Build	Run actions/checkout@v3	2022-12-29T18:02:33.5366914Z [command]/usr/bin/git config --local --name-only --get-regexp http\.https\:\/\/github\.com\/\.extraheader
Build	Run actions/checkout@v3	2022-12-29T18:02:33.5413423Z [command]/usr/bin/git submodule foreach --recursive sh -c "git config --local --name-only --get-regexp 'http\.https\:\/\/github\.com\/\.extraheader' && git config --local --unset-all 'http.https://github.com/.extraheader' || :"
Build	Run actions/checkout@v3	2022-12-29T18:02:33.5711377Z [command]/usr/bin/git config --local http.https://github.com/.extraheader AUTHORIZATION: basic ***
Build	Run actions/checkout@v3	2022-12-29T18:02:33.5793712Z ##[endgroup]
Build	Run actions/checkout@v3	2022-12-29T18:02:33.5795105Z ##[group]Fetching the repository
Build	Run actions/checkout@v3	2022-12-29T18:02:33.5808706Z [command]/usr/bin/git -c protocol.version=2 fetch --no-tags --prune --progress --no-recurse-submodules --depth=1 origin +5aae3842c40c8f5b8c6c80fa47e09c11f4a6d7e6:refs/remotes/origin/main
Build	Run actions/checkout@v3	2022-12-29T18:02:33.7098838Z ##[error]fatal: unable to access 'https://github.com/keycloak/keycloak/': The requested URL returned error: 429
Build	Run actions/checkout@v3	2022-12-29T18:02:33.7110143Z The process '/usr/bin/git' failed with exit code 128
Build	Run actions/checkout@v3	2022-12-29T18:02:33.7111753Z Waiting 15 seconds before trying again
Build	Run actions/checkout@v3	2022-12-29T18:02:48.7149227Z [command]/usr/bin/git -c protocol.version=2 fetch --no-tags --prune --progress --no-recurse-submodules --depth=1 origin +5aae3842c40c8f5b8c6c80fa47e09c11f4a6d7e6:refs/remotes/origin/main
Build	Run actions/checkout@v3	2022-12-29T18:02:48.8302845Z ##[error]fatal: unable to access 'https://github.com/keycloak/keycloak/': The requested URL returned error: 429
Build	Run actions/checkout@v3	2022-12-29T18:02:48.8323937Z The process '/usr/bin/git' failed with exit code 128
Build	Run actions/checkout@v3	2022-12-29T18:02:48.8324953Z Waiting 15 seconds before trying again
Build	Run actions/checkout@v3	2022-12-29T18:03:03.8385633Z [command]/usr/bin/git -c protocol.version=2 fetch --no-tags --prune --progress --no-recurse-submodules --depth=1 origin +5aae3842c40c8f5b8c6c80fa47e09c11f4a6d7e6:refs/remotes/origin/main
Build	Run actions/checkout@v3	2022-12-29T18:03:03.9710526Z ##[error]fatal: unable to access 'https://github.com/keycloak/keycloak/': The requested URL returned error: 429
Build	Run actions/checkout@v3	2022-12-29T18:03:03.9799764Z ##[error]The process '/usr/bin/git' failed with exit code 128
Status Check - Keycloak CI	Check status	2022-12-29T18:03:27.6532811Z Prepare all required actions
Status Check - Keycloak CI	Check status	2022-12-29T18:03:27.6572767Z ##[group]Run ./.github/actions/checks-job-pass
Status Check - Keycloak CI	Check status	2022-12-29T18:03:27.6573020Z with:
Status Check - Keycloak CI	Check status	2022-12-29T18:03:27.6573186Z   required: true
Status Check - Keycloak CI	Check status	2022-12-29T18:03:27.6573355Z env:
Status Check - Keycloak CI	Check status	2022-12-29T18:03:27.6573528Z   DEFAULT_JDK_VERSION: 11
Status Check - Keycloak CI	Check status	2022-12-29T18:03:27.6573728Z   DEFAULT_JDK_DIST: temurin
Status Check - Keycloak CI	Check status	2022-12-29T18:03:27.6573947Z   SUREFIRE_RERUN_FAILING_COUNT: 2
Status Check - Keycloak CI	Check status	2022-12-29T18:03:27.6574158Z ##[endgroup]
Status Check - Keycloak CI	Check status	2022-12-29T18:03:27.6876510Z ##[group]Run if [ "true" == "false" ]; then
Status Check - Keycloak CI	Check status	2022-12-29T18:03:27.6876865Z [36;1mif [ "true" == "false" ]; then[0m
Status Check - Keycloak CI	Check status	2022-12-29T18:03:27.6877113Z [36;1m  echo "Not required to run, skipping"[0m
Status Check - Keycloak CI	Check status	2022-12-29T18:03:27.6877333Z [36;1melse[0m
Status Check - Keycloak CI	Check status	2022-12-29T18:03:27.6877529Z [36;1m  if [ "" == "success" ]; then[0m
Status Check - Keycloak CI	Check status	2022-12-29T18:03:27.6877737Z [36;1m    echo "Success"[0m
Status Check - Keycloak CI	Check status	2022-12-29T18:03:27.6877920Z [36;1m  else[0m
Status Check - Keycloak CI	Check status	2022-12-29T18:03:27.6878146Z [36;1m    echo "Required to run, but didn't succeed"[0m
Status Check - Keycloak CI	Check status	2022-12-29T18:03:27.6878378Z [36;1m    exit 1[0m
Status Check - Keycloak CI	Check status	2022-12-29T18:03:27.6878617Z [36;1m  fi        [0m
Status Check - Keycloak CI	Check status	2022-12-29T18:03:27.6878790Z [36;1mfi[0m
Status Check - Keycloak CI	Check status	2022-12-29T18:03:27.6936778Z shell: /usr/bin/bash --noprofile --norc -e -o pipefail {0}
Status Check - Keycloak CI	Check status	2022-12-29T18:03:27.6937049Z env:
Status Check - Keycloak CI	Check status	2022-12-29T18:03:27.6937226Z   DEFAULT_JDK_VERSION: 11
Status Check - Keycloak CI	Check status	2022-12-29T18:03:27.6937433Z   DEFAULT_JDK_DIST: temurin
Status Check - Keycloak CI	Check status	2022-12-29T18:03:27.6937650Z   SUREFIRE_RERUN_FAILING_COUNT: 2
Status Check - Keycloak CI	Check status	2022-12-29T18:03:27.6938005Z ##[endgroup]
Status Check - Keycloak CI	Check status	2022-12-29T18:03:27.7093661Z Required to run, but didn't succeed
Status Check - Keycloak CI	Check status	2022-12-29T18:03:27.7110955Z ##[error]Process completed with exit code 1.
